// Jest Snapshot v1, https://goo.gl/fbAQLP

exports[`<Logo /> renders without props 1`] = `
<div
  className="Exhibit__Logo__Box Box--Outer"
>
  <div
    className="Exhibit__Logo__Box Box--Inner"
  />
  <div
    className="Exhibit__Logo__Circle Circle--Top"
  />
</div>
`;
